
/home/runner/work/exp-image-enhancement-iitg/exp-image-enhancement-iitg/experiment/simulation/js/main.js
   11:1   warning  'cv' is not defined  no-undef
   65:5   warning  'cv' is not defined  no-undef
  115:25  warning  'cv' is not defined  no-undef
  116:5   warning  'cv' is not defined  no-undef
  116:42  warning  'cv' is not defined  no-undef
  118:22  warning  'cv' is not defined  no-undef
  119:5   warning  'cv' is not defined  no-undef
  121:21  warning  'cv' is not defined  no-undef
  125:24  warning  'cv' is not defined  no-undef
  126:27  warning  'cv' is not defined  no-undef
  127:7   warning  'cv' is not defined  no-undef
  130:24  warning  'cv' is not defined  no-undef
  131:7   warning  'cv' is not defined  no-undef
  131:34  warning  'cv' is not defined  no-undef
  133:23  warning  'cv' is not defined  no-undef
  134:7   warning  'cv' is not defined  no-undef
  134:47  warning  'cv' is not defined  no-undef
  136:27  warning  'cv' is not defined  no-undef
  137:7   warning  'cv' is not defined  no-undef
  137:33  warning  'cv' is not defined  no-undef
  139:26  warning  'cv' is not defined  no-undef
  140:7   warning  'cv' is not defined  no-undef
  142:23  warning  'cv' is not defined  no-undef
  143:7   warning  'cv' is not defined  no-undef
  145:23  warning  'cv' is not defined  no-undef
  146:7   warning  'cv' is not defined  no-undef
  148:25  warning  'cv' is not defined  no-undef
  149:25  warning  'cv' is not defined  no-undef
  150:7   warning  'cv' is not defined  no-undef
  151:7   warning  'cv' is not defined  no-undef
  152:7   warning  'cv' is not defined  no-undef
  168:7   warning  'cv' is not defined  no-undef
  185:19  warning  'cv' is not defined  no-undef
  190:11  warning  'cv' is not defined  no-undef
  190:33  warning  'cv' is not defined  no-undef
  196:11  warning  'cv' is not defined  no-undef
  196:41  warning  'cv' is not defined  no-undef
  202:11  warning  'cv' is not defined  no-undef
  208:28  warning  'cv' is not defined  no-undef
  209:11  warning  'cv' is not defined  no-undef
  209:34  warning  'cv' is not defined  no-undef
  211:27  warning  'cv' is not defined  no-undef
  212:11  warning  'cv' is not defined  no-undef
  212:35  warning  'cv' is not defined  no-undef
  212:62  warning  'cv' is not defined  no-undef
  214:11  warning  'cv' is not defined  no-undef
  214:33  warning  'cv' is not defined  no-undef
  236:7   warning  'cv' is not defined  no-undef
  263:13  warning  'cv' is not defined  no-undef

✖ 49 problems (0 errors, 49 warnings)

